---
source: tui/src/bottom_pane/chat_composer.rs
assertion_line: 1777
expression: terminal.backend()
---
"▌ Ask Codex to do anything                                                                                              "
"▌                                                                                                                       "
"▌                                                                                                                       "
" ⏎ send   Ctrl+J newline   Ctrl+T transcript   Ctrl+C quit   very-long-reposi...th-many-segments:feature/su...ranch/name"
